// Jest Snapshot v1, https://goo.gl/fbAQLP

exports[`Input matches snapshot 1`] = `
<div>
  <input
    aria-label="mock aria label"
    autocapitalize="off"
    class="sc-bcXHqe iggXoH"
    spellcheck="false"
    type="text"
  />
</div>
`;
