// Jest Snapshot v1, https://goo.gl/fbAQLP

exports[`Error matches snapshot 1`] = `
<div>
  <p
    class="sc-bcXHqe bbsUvP"
  >
    Something went wrong
  </p>
</div>
`;
